=== 2026-06-15 audit log (fresh run) ===
PART A: Twitter X sentiment
  kaitoeasyapi/twitter-x-data-tweet-scraper 6 terms x 25 maxItems = 160 tweets returned
  Spam filter: airdrop/giveaway/faucet removed
  BTC composite: 48.7 (neutral, -1.7 vs yesterday 50.4)
  ETH composite: 45.7 (neutral, -6.7 vs yesterday 52.4)
  market_en/zh: 50.0 (neutral - no valid tweets after filtering)
  
PART B:
  B-0 benthepythondev/crypto-intelligence markets: 100 coins OK
  B-1 makework36/coingecko-scraper global: OK
  btc_d=56.654769% (today) vs Jun08=56.19% → delta7=+0.46pp → req1=FALSE (FAIL)
  alt_mom7=+4.03%, breadth=42.86% (6/14 coins > BTC 7d) → req2=TRUE (PASS)
  VERDICT: ALT-OFF (req1_fail)
  bonus_a=False(+0.46>-0.5), bonus_b=True(4.03>1.5), bonus_c=False(11.83<12)

PART C:
  C-1: BTC=$65,718 (+2.07% 24h), ETH=$1,727.49 (+2.88% 24h) from markets
  C-2: VIX=17.68, MOVE=69.36, DXY=99.49 (yesterday 99.75)
  C-3: FRED DFII10 TIPS=NULL (WebSearch unable to extract numeric value)
  C-4: Farside farside.co.uk/btc/ - latest row: Jun12 Total=$85.9M (net inflow)
       Jun13-14 weekend; Jun15 data not yet published
  C-5: NDX corr 30d=0.55 (Pearson, 30 trading days BTC-USD vs ^NDX via Yahoo Finance)

PART E: 12 historical actors (4 batches of 3, serial-within-batch)
  1. audiera(beat): +371.11% | 2. lab: +156.28% | 3. worldcoin-wld: +79.73%
  4. humanity(h): +117.48% | 5. rain: +72.34% | 6. hyperliquid(hype): +3.14%
  7. near: -6.38% | 8. dexe: +17.37% | 9. stellar(xlm): +29.24%
  10. venice-token(vvv): -11.48% | 11. morpho: -12.70% | 12. cosmos(atom): -2.60%
  
  Final Top 10: BEAT(1) LAB(2) H(3) WLD(4) RAIN(5) XLM(6) DEXE(7) HYPE(8) ATOM(9) NEAR(10)
  c3: BEAT+LAB Day10 | H new Day1 in top3 | RAIN drops #3→#5
  Exits: BDX, BCAP, CC (dropped from top10)

NULL FIELDS: tips (FRED DFII10 unavailable)
